// Jest Snapshot v1, https://goo.gl/fbAQLP

exports[`UnderConstructionPageView snapshot 1`] = `
Array [
  <h1>
    under construction
  </h1>,
  <div
    className="under_construction"
  />,
]
`;
